
> wavesystem-next@0.1.0 build
> next build

   ▲ Next.js 16.0.8 (Turbopack)

   Creating an optimized production build ...
 ✓ Compiled successfully in 13.0s
   Running TypeScript ...
Failed to compile.

./src/app/logistica/dashboard/page.tsx:14:68
Type error: Property 'nombre' does not exist on type 'User'.

[0m [90m 12 |[39m             [33m<[39m[33mdiv[39m className[33m=[39m[32m"mb-8"[39m[33m>[39m
 [90m 13 |[39m                 [33m<[39m[33mh1[39m className[33m=[39m[32m"text-3xl font-bold text-gray-800"[39m[33m>[39m[33mPanel[39m de [33mControl[39m [33mLogístico[39m[33m<[39m[33m/[39m[33mh1[39m[33m>[39m
[31m[1m>[22m[39m[90m 14 |[39m                 [33m<[39m[33mp[39m className[33m=[39m[32m"text-gray-500"[39m[33m>[39m[33mBienvenido[39m[33m,[39m {session[33m?[39m[33m.[39mnombre} [33m|[39m {[36mnew[39m [33mDate[39m()[33m.[39mtoLocaleDateString()}[33m<[39m[33m/[39m[33mp[39m[33m>[39m
 [90m    |[39m                                                                    [31m[1m^[22m[39m
 [90m 15 |[39m             [33m<[39m[33m/[39m[33mdiv[39m[33m>[39m
 [90m 16 |[39m
 [90m 17 |[39m             [33m<[39m[33mdiv[39m className[33m=[39m[32m"grid grid-cols-1 md:grid-cols-2 lg:grid-cols-4 gap-6 mb-8"[39m[33m>[39m[0m
Next.js build worker exited with code: 1 and signal: null
